// Jest Snapshot v1, https://goo.gl/fbAQLP

exports[`<Tag> renders with different styled-system category props 1`] = `
.c0 {
  padding-top: 8px;
  padding-bottom: 8px;
  padding-left: 16px;
  padding-right: 16px;
  margin-right: 8px;
  color: primary.11;
  background-color: primary.1;
  display: inline-block;
  font-family: sans;
  font-size: xs;
  font-weight: medium;
}

<a
  bg="primary.1"
  class="c0"
  color="primary.11"
  display="inline-block"
  font-family="sans"
  font-size="xs"
  font-weight="medium"
  href="/tags/js"
  mr="2"
  px="3"
  py="2"
>
  test
</a>
`;
