// Jest Snapshot v1, https://goo.gl/fbAQLP

exports[`<Icon> renders with given props 1`] = `
.c0 {
  width: 24px;
  height: 24px;
  stroke: currentColor;
  color: transparent;
  fill: none;
  vertical-align: middle;
}

<svg
  class="c0"
  data-testid="svg-icon"
  fill="none"
  height="24"
  preserveAspectRatio="none"
  stroke="transparent"
  viewBox="0 0 48 48"
  width="24"
>
  <g
    clip-path="url(#clip0)"
  >
    <path
      d="M23.95 19.722C23.3894 19.722 22.8342 19.8327 22.3163 20.0477C21.7983 20.2627 21.3277 20.5778 20.9313 20.975C20.5349 21.3723 20.2204 21.8439 20.0059 22.3629C19.7913 22.8819 19.6809 23.4382 19.6809 24C19.6809 24.5618 19.7913 25.1181 20.0059 25.6372C20.2204 26.1562 20.5349 26.6278 20.9313 27.025C21.3277 27.4223 21.7983 27.7374 22.3163 27.9524C22.8342 28.1674 23.3894 28.278 23.95 28.278C24.5106 28.278 25.0658 28.1674 25.5837 27.9524C26.1017 27.7374 26.5723 27.4223 26.9687 27.025C27.3651 26.6278 27.6796 26.1562 27.8941 25.6372C28.1087 25.1181 28.2191 24.5618 28.2191 24C28.2191 23.4382 28.1087 22.8819 27.8941 22.3629C27.6796 21.8439 27.3651 21.3723 26.9687 20.975C26.5723 20.5778 26.1017 20.2627 25.5837 20.0477C25.0658 19.8327 24.5106 19.722 23.95 19.722ZM11.991 32.51L11.0489 32.27C4.02759 30.492 0 27.474 0 23.992C0 20.51 4.02759 17.492 11.0489 15.714L11.991 15.476L12.2564 16.412C12.9677 18.8675 13.8775 21.2607 14.9767 23.568L15.1783 23.994L14.9767 24.42C13.8756 26.7266 12.9658 29.12 12.2564 31.576L11.991 32.51ZM10.6118 17.9C5.27499 19.402 1.99982 21.7 1.99982 23.992C1.99982 26.282 5.27499 28.58 10.6118 30.084C11.2645 28.0039 12.0526 25.9689 12.9709 23.992C12.0515 22.0156 11.2635 19.9805 10.6118 17.9ZM35.909 32.51L35.6436 31.572C34.933 29.1167 34.0225 26.724 32.9213 24.418L32.7197 23.992L32.9213 23.566C34.0221 21.2592 34.9326 18.8658 35.6436 16.41L35.909 15.474L36.8531 15.712C43.8724 17.49 47.9 20.508 47.9 23.992C47.9 27.476 43.8724 30.492 36.8531 32.27L35.909 32.51ZM34.9291 23.992C35.8871 26.07 36.6794 28.112 37.2882 30.084C42.627 28.58 45.9002 26.282 45.9002 23.992C45.9002 21.7 42.625 19.404 37.2882 17.9C36.6363 19.9805 35.8483 22.0156 34.9291 23.992ZM10.5979 17.89L10.3324 16.956C8.35855 9.98403 8.9573 4.98803 11.975 3.24403C14.9348 1.53203 19.6869 3.55403 24.6665 8.67603L25.3451 9.37403L24.6665 10.072C22.8971 11.9152 21.2805 13.8998 19.8326 16.006L19.5632 16.392L19.0941 16.432C16.5473 16.6332 14.0209 17.0412 11.5399 17.652L10.5979 17.89ZM14.382 4.63003C13.8471 4.63003 13.3741 4.74603 12.9749 4.97603C10.9911 6.12203 10.6398 10.106 12.0069 15.482C14.1338 15.0079 16.2892 14.6732 18.4595 14.48C19.7117 12.6958 21.0798 10.9961 22.5549 9.39203C19.4414 6.35403 16.4936 4.63003 14.382 4.63003ZM33.52 45.354C33.518 45.354 33.518 45.354 33.52 45.354C30.676 45.354 27.0236 43.208 23.2335 39.308L22.5549 38.61L23.2335 37.912C25.0024 36.0682 26.6184 34.083 28.0654 31.976L28.3348 31.59L28.8019 31.55C31.35 31.3499 33.8778 30.9426 36.3601 30.332L37.3021 30.094L37.5696 31.03C39.5394 37.998 38.9427 42.996 35.925 44.738C35.192 45.1534 34.362 45.3659 33.52 45.354ZM25.3451 38.592C28.4586 41.63 31.4064 43.354 33.518 43.354H33.52C34.0529 43.354 34.5279 43.238 34.9251 43.008C36.9089 41.862 37.2622 37.876 35.8931 32.5C33.7657 32.9748 31.6096 33.3095 29.4385 33.502C28.1878 35.2875 26.8203 36.9879 25.3451 38.592ZM37.3021 17.89L36.3601 17.652C33.8781 17.0395 31.3503 16.6314 28.8019 16.432L28.3348 16.392L28.0654 16.006C26.6192 13.8991 25.0031 11.9145 23.2335 10.072L22.5549 9.37403L23.2335 8.67603C28.2111 3.55603 32.9612 1.53403 35.925 3.24403C38.9427 4.98803 39.5414 9.98403 37.5696 16.954L37.3021 17.89ZM29.4385 14.48C31.7178 14.688 33.8833 15.026 35.8931 15.482C37.2622 10.106 36.9089 6.12203 34.9251 4.97603C32.9532 3.83403 29.2469 5.58403 25.3451 9.39203C26.8195 10.9962 28.1869 12.6959 29.4385 14.48ZM14.382 45.354C13.5393 45.3663 12.7086 45.1537 11.975 44.738C8.9573 42.996 8.35855 38 10.3324 31.03L10.5959 30.094L11.5379 30.332C13.8431 30.914 16.3858 31.324 19.0921 31.55L19.5612 31.59L19.8286 31.976C21.2767 34.0827 22.8933 36.0679 24.6625 37.912L25.3411 38.61L24.6625 39.308C20.8744 43.208 17.222 45.354 14.382 45.354ZM12.0069 32.5C10.6378 37.876 10.9911 41.862 12.9749 43.008C14.9448 44.134 18.6491 42.398 22.5549 38.592C21.0804 36.9867 19.7123 35.2864 18.4595 33.502C16.2891 33.3097 14.1336 32.975 12.0069 32.5ZM23.95 33.756C22.3074 33.756 20.619 33.684 18.9285 33.544L18.4595 33.504L18.19 33.118C17.2338 31.7412 16.3349 30.3254 15.4956 28.874C14.6588 27.4216 13.8825 25.9349 13.1685 24.418L12.9689 23.992L13.1685 23.566C13.8824 22.0491 14.6587 20.5625 15.4956 19.11C16.3219 17.678 17.23 16.25 18.19 14.866L18.4595 14.48L18.9285 14.44C22.2708 14.156 25.6312 14.156 28.9735 14.44L29.4405 14.48L29.708 14.866C31.6223 17.6202 33.3027 20.5304 34.7315 23.566L34.9331 23.992L34.7315 24.418C33.3061 27.4555 31.6256 30.366 29.708 33.118L29.4405 33.504L28.9735 33.544C27.283 33.684 25.5926 33.756 23.95 33.756ZM19.5652 31.588C22.519 31.81 25.381 31.81 28.3368 31.588C29.9871 29.1705 31.4522 26.6313 32.7197 23.992C31.4544 21.3512 29.9885 18.8117 28.3348 16.396C25.4158 16.174 22.4842 16.174 19.5652 16.396C17.9108 18.8113 16.4448 21.3508 15.1803 23.992C16.4492 26.631 17.9149 29.1702 19.5652 31.588Z"
      fill="#61DAFB"
    />
  </g>
  <defs>
    <clippath
      id="clip0"
    >
      <rect
        fill="white"
        height="48"
        width="47.9"
      />
    </clippath>
  </defs>
</svg>
`;
